../Core/Src/CLCD_program.c:30:13:voidSetLCDHalfDataPort	16	static
../Core/Src/CLCD_program.c:39:6:CLCD_voidSendCmd	16	static
../Core/Src/CLCD_program.c:64:6:CLCD_voidSendData	16	static
../Core/Src/CLCD_program.c:89:6:CLCD_voidInit	16	static
../Core/Src/CLCD_program.c:153:9:CLCD_u8SendString	16	static
../Core/Src/CLCD_program.c:173:6:CLCD_voidSendNumber	40	static
../Core/Src/CLCD_program.c:203:6:CLCD_voidGoToXY	8	static
../Core/Src/CLCD_program.c:227:6:CLCD_voidSendSpecialCharacter	32	static
../Core/Src/CLCD_program.c:247:9:CLCD_u8SendLenghOfString	24	static
../Core/Src/CLCD_program.c:305:6:CLCD_voidSendFloatNumber	24	static
