../Core/Src/stm32f0xx_it.c:73:6:NMI_Handler	0	static
../Core/Src/stm32f0xx_it.c:88:6:HardFault_Handler	0	static
../Core/Src/stm32f0xx_it.c:103:6:SVC_Handler	0	static
../Core/Src/stm32f0xx_it.c:116:6:PendSV_Handler	0	static
../Core/Src/stm32f0xx_it.c:129:6:SysTick_Handler	8	static,ignoring_inline_asm
../Core/Src/stm32f0xx_it.c:152:6:TIM6_IRQHandler	8	static
../Core/Src/stm32f0xx_it.c:166:6:TIM17_IRQHandler	8	static
../Core/Src/stm32f0xx_it.c:180:6:USART1_IRQHandler	8	static
../Core/Src/stm32f0xx_it.c:194:6:USART2_IRQHandler	8	static
